Archive member included to satisfy reference by file (symbol)

/home/imtiaz/st/stm32cubeide_1.4.0_2/plugins/com.st.stm32cube.ide.mcu.externaltools.gnu-tools-for-stm32.7-2018-q2-update.linux64_1.4.0.202007081208/tools/bin/../lib/gcc/arm-none-eabi/7.3.1/../../../../arm-none-eabi/lib/thumb/v7e-m/fpv4-sp/hard/libc_nano.a(lib_a-exit.o)
                              /home/imtiaz/st/stm32cubeide_1.4.0_2/plugins/com.st.stm32cube.ide.mcu.externaltools.gnu-tools-for-stm32.7-2018-q2-update.linux64_1.4.0.202007081208/tools/bin/../lib/gcc/arm-none-eabi/7.3.1/../../../../arm-none-eabi/lib/thumb/v7e-m/fpv4-sp/hard/rdimon-crt0.o (exit)
/home/imtiaz/st/stm32cubeide_1.4.0_2/plugins/com.st.stm32cube.ide.mcu.externaltools.gnu-tools-for-stm32.7-2018-q2-update.linux64_1.4.0.202007081208/tools/bin/../lib/gcc/arm-none-eabi/7.3.1/../../../../arm-none-eabi/lib/thumb/v7e-m/fpv4-sp/hard/libc_nano.a(lib_a-impure.o)
                              /home/imtiaz/st/stm32cubeide_1.4.0_2/plugins/com.st.stm32cube.ide.mcu.externaltools.gnu-tools-for-stm32.7-2018-q2-update.linux64_1.4.0.202007081208/tools/bin/../lib/gcc/arm-none-eabi/7.3.1/../../../../arm-none-eabi/lib/thumb/v7e-m/fpv4-sp/hard/libc_nano.a(lib_a-exit.o) (_global_impure_ptr)
/home/imtiaz/st/stm32cubeide_1.4.0_2/plugins/com.st.stm32cube.ide.mcu.externaltools.gnu-tools-for-stm32.7-2018-q2-update.linux64_1.4.0.202007081208/tools/bin/../lib/gcc/arm-none-eabi/7.3.1/../../../../arm-none-eabi/lib/thumb/v7e-m/fpv4-sp/hard/libc_nano.a(lib_a-init.o)
                              /home/imtiaz/st/stm32cubeide_1.4.0_2/plugins/com.st.stm32cube.ide.mcu.externaltools.gnu-tools-for-stm32.7-2018-q2-update.linux64_1.4.0.202007081208/tools/bin/../lib/gcc/arm-none-eabi/7.3.1/../../../../arm-none-eabi/lib/thumb/v7e-m/fpv4-sp/hard/rdimon-crt0.o (__libc_init_array)
/home/imtiaz/st/stm32cubeide_1.4.0_2/plugins/com.st.stm32cube.ide.mcu.externaltools.gnu-tools-for-stm32.7-2018-q2-update.linux64_1.4.0.202007081208/tools/bin/../lib/gcc/arm-none-eabi/7.3.1/../../../../arm-none-eabi/lib/thumb/v7e-m/fpv4-sp/hard/libc_nano.a(lib_a-memset.o)
                              /home/imtiaz/st/stm32cubeide_1.4.0_2/plugins/com.st.stm32cube.ide.mcu.externaltools.gnu-tools-for-stm32.7-2018-q2-update.linux64_1.4.0.202007081208/tools/bin/../lib/gcc/arm-none-eabi/7.3.1/../../../../arm-none-eabi/lib/thumb/v7e-m/fpv4-sp/hard/rdimon-crt0.o (memset)
/home/imtiaz/st/stm32cubeide_1.4.0_2/plugins/com.st.stm32cube.ide.mcu.externaltools.gnu-tools-for-stm32.7-2018-q2-update.linux64_1.4.0.202007081208/tools/bin/../lib/gcc/arm-none-eabi/7.3.1/../../../../arm-none-eabi/lib/thumb/v7e-m/fpv4-sp/hard/libc_nano.a(lib_a-strlen.o)
                              Src/009I2CSlaveRxString.o (strlen)
/home/imtiaz/st/stm32cubeide_1.4.0_2/plugins/com.st.stm32cube.ide.mcu.externaltools.gnu-tools-for-stm32.7-2018-q2-update.linux64_1.4.0.202007081208/tools/bin/../lib/gcc/arm-none-eabi/7.3.1/../../../../arm-none-eabi/lib/thumb/v7e-m/fpv4-sp/hard/librdimon_nano.a(rdimon-syscalls.o)
                              /home/imtiaz/st/stm32cubeide_1.4.0_2/plugins/com.st.stm32cube.ide.mcu.externaltools.gnu-tools-for-stm32.7-2018-q2-update.linux64_1.4.0.202007081208/tools/bin/../lib/gcc/arm-none-eabi/7.3.1/../../../../arm-none-eabi/lib/thumb/v7e-m/fpv4-sp/hard/rdimon-crt0.o (initialise_monitor_handles)
/home/imtiaz/st/stm32cubeide_1.4.0_2/plugins/com.st.stm32cube.ide.mcu.externaltools.gnu-tools-for-stm32.7-2018-q2-update.linux64_1.4.0.202007081208/tools/bin/../lib/gcc/arm-none-eabi/7.3.1/../../../../arm-none-eabi/lib/thumb/v7e-m/fpv4-sp/hard/librdimon_nano.a(rdimon-_exit.o)
                              /home/imtiaz/st/stm32cubeide_1.4.0_2/plugins/com.st.stm32cube.ide.mcu.externaltools.gnu-tools-for-stm32.7-2018-q2-update.linux64_1.4.0.202007081208/tools/bin/../lib/gcc/arm-none-eabi/7.3.1/../../../../arm-none-eabi/lib/thumb/v7e-m/fpv4-sp/hard/libc_nano.a(lib_a-exit.o) (_exit)
/home/imtiaz/st/stm32cubeide_1.4.0_2/plugins/com.st.stm32cube.ide.mcu.externaltools.gnu-tools-for-stm32.7-2018-q2-update.linux64_1.4.0.202007081208/tools/bin/../lib/gcc/arm-none-eabi/7.3.1/../../../../arm-none-eabi/lib/thumb/v7e-m/fpv4-sp/hard/librdimon_nano.a(rdimon-_kill.o)
                              /home/imtiaz/st/stm32cubeide_1.4.0_2/plugins/com.st.stm32cube.ide.mcu.externaltools.gnu-tools-for-stm32.7-2018-q2-update.linux64_1.4.0.202007081208/tools/bin/../lib/gcc/arm-none-eabi/7.3.1/../../../../arm-none-eabi/lib/thumb/v7e-m/fpv4-sp/hard/librdimon_nano.a(rdimon-_exit.o) (_kill)
/home/imtiaz/st/stm32cubeide_1.4.0_2/plugins/com.st.stm32cube.ide.mcu.externaltools.gnu-tools-for-stm32.7-2018-q2-update.linux64_1.4.0.202007081208/tools/bin/../lib/gcc/arm-none-eabi/7.3.1/../../../../arm-none-eabi/lib/thumb/v7e-m/fpv4-sp/hard/libc_nano.a(lib_a-errno.o)
[...]
Memory Configuration

Name             Origin             Length             Attributes
RAM              0x0000000020000000 0x0000000000020000 xrw
ROM              0x0000000008000000 0x0000000000080000 xr
*default*        0x0000000000000000 0xffffffffffffffff

Linker script and memory map

LOAD /home/imtiaz/st/stm32cubeide_1.4.0_2/plugins/com.st.stm32cube.ide.mcu.externaltools.gnu-tools-for-stm32.7-2018-q2-update.linux64_1.4.0.202007081208/tools/bin/../lib/gcc/arm-none-eabi/7.3.1/thumb/v7e-m/fpv4-sp/hard/crti.o
LOAD /home/imtiaz/st/stm32cubeide_1.4.0_2/plugins/com.st.stm32cube.ide.mcu.externaltools.gnu-tools-for-stm32.7-2018-q2-update.linux64_1.4.0.202007081208/tools/bin/../lib/gcc/arm-none-eabi/7.3.1/thumb/v7e-m/fpv4-sp/hard/crtbegin.o
LOAD /home/imtiaz/st/stm32cubeide_1.4.0_2/plugins/com.st.stm32cube.ide.mcu.externaltools.gnu-tools-for-stm32.7-2018-q2-update.linux64_1.4.0.202007081208/tools/bin/../lib/gcc/arm-none-eabi/7.3.1/../../../../arm-none-eabi/lib/thumb/v7e-m/fpv4-sp/hard/rdimon-crt0.o
LOAD Drivers/Src/stm32f4xx.o
LOAD Drivers/Src/stm32f4xx_GPIO_Driver.o
LOAD Drivers/Src/stm32f4xx_I2C_Driver.o
LOAD Drivers/Src/stm32f4xx_SPI_Driver.o
LOAD Src/009I2CSlaveRxString.o
LOAD Startup/startup_stm32f411retx.o
LOAD /home/imtiaz/st/stm32cubeide_1.4.0_2/plugins/com.st.stm32cube.ide.mcu.externaltools.gnu-tools-for-stm32.7-2018-q2-update.linux64_1.4.0.202007081208/tools/bin/../lib/gcc/arm-none-eabi/7.3.1/../../../../arm-none-eabi/lib/thumb/v7e-m/fpv4-sp/hard/libc_nano.a
LOAD /home/imtiaz/st/stm32cubeide_1.4.0_2/plugins/com.st.stm32cube.ide.mcu.externaltools.gnu-tools-for-stm32.7-2018-q2-update.linux64_1.4.0.202007081208/tools/bin/../lib/gcc/arm-none-eabi/7.3.1/../../../../arm-none-eabi/lib/thumb/v7e-m/fpv4-sp/hard/librdimon_nano.a
START GROUP
LOAD /home/imtiaz/st/stm32cubeide_1.4.0_2/plugins/com.st.stm32cube.ide.mcu.externaltools.gnu-tools-for-stm32.7-2018-q2-update.linux64_1.4.0.202007081208/tools/bin/../lib/gcc/arm-none-eabi/7.3.1/../../../../arm-none-eabi/lib/thumb/v7e-m/fpv4-sp/hard/libc_nano.a
LOAD /home/imtiaz/st/stm32cubeide_1.4.0_2/plugins/com.st.stm32cube.ide.mcu.externaltools.gnu-tools-for-stm32.7-2018-q2-update.linux64_1.4.0.202007081208/tools/bin/../lib/gcc/arm-none-eabi/7.3.1/../../../../arm-none-eabi/lib/thumb/v7e-m/fpv4-sp/hard/libm.a
END GROUP
START GROUP
LOAD /home/imtiaz/st/stm32cubeide_1.4.0_2/plugins/com.st.stm32cube.ide.mcu.externaltools.gnu-tools-for-stm32.7-2018-q2-update.linux64_1.4.0.202007081208/tools/bin/../lib/gcc/arm-none-eabi/7.3.1/thumb/v7e-m/fpv4-sp/hard/libgcc.a
LOAD /home/imtiaz/st/stm32cubeide_1.4.0_2/plugins/com.st.stm32cube.ide.mcu.externaltools.gnu-tools-for-stm32.7-2018-q2-update.linux64_1.4.0.202007081208/tools/bin/../lib/gcc/arm-none-eabi/7.3.1/../../../../arm-none-eabi/lib/thumb/v7e-m/fpv4-sp/hard/libc_nano.a
END GROUP
START GROUP
LOAD /home/imtiaz/st/stm32cubeide_1.4.0_2/plugins/com.st.stm32cube.ide.mcu.externaltools.gnu-tools-for-stm32.7-2018-q2-update.linux64_1.4.0.202007081208/tools/bin/../lib/gcc/arm-none-eabi/7.3.1/thumb/v7e-m/fpv4-sp/hard/libgcc.a
LOAD /home/imtiaz/st/stm32cubeide_1.4.0_2/plugins/com.st.stm32cube.ide.mcu.externaltools.gnu-tools-for-stm32.7-2018-q2-update.linux64_1.4.0.202007081208/tools/bin/../lib/gcc/arm-none-eabi/7.3.1/../../../../arm-none-eabi/lib/thumb/v7e-m/fpv4-sp/hard/libc_nano.a
LOAD /home/imtiaz/st/stm32cubeide_1.4.0_2/plugins/com.st.stm32cube.ide.mcu.externaltools.gnu-tools-for-stm32.7-2018-q2-update.linux64_1.4.0.202007081208/tools/bin/../lib/gcc/arm-none-eabi/7.3.1/../../../../arm-none-eabi/lib/thumb/v7e-m/fpv4-sp/hard/libnosys.a
END GROUP
START GROUP
LOAD /home/imtiaz/st/stm32cubeide_1.4.0_2/plugins/com.st.stm32cube.ide.mcu.externaltools.gnu-tools-for-stm32.7-2018-q2-update.linux64_1.4.0.202007081208/tools/bin/../lib/gcc/arm-none-eabi/7.3.1/thumb/v7e-m/fpv4-sp/hard/libgcc.a
LOAD /home/imtiaz/st/stm32cubeide_1.4.0_2/plugins/com.st.stm32cube.ide.mcu.externaltools.gnu-tools-for-stm32.7-2018-q2-update.linux64_1.4.0.202007081208/tools/bin/../lib/gcc/arm-none-eabi/7.3.1/../../../../arm-none-eabi/lib/thumb/v7e-m/fpv4-sp/hard/libc_nano.a
LOAD /home/imtiaz/st/stm32cubeide_1.4.0_2/plugins/com.st.stm32cube.ide.mcu.externaltools.gnu-tools-for-stm32.7-2018-q2-update.linux64_1.4.0.202007081208/tools/bin/../lib/gcc/arm-none-eabi/7.3.1/../../../../arm-none-eabi/lib/thumb/v7e-m/fpv4-sp/hard/librdimon_nano.a
END GROUP
START GROUP
LOAD /home/imtiaz/st/stm32cubeide_1.4.0_2/plugins/com.st.stm32cube.ide.mcu.externaltools.gnu-tools-for-stm32.7-2018-q2-update.linux64_1.4.0.202007081208/tools/bin/../lib/gcc/arm-none-eabi/7.3.1/thumb/v7e-m/fpv4-sp/hard/libgcc.a
LOAD /home/imtiaz/st/stm32cubeide_1.4.0_2/plugins/com.st.stm32cube.ide.mcu.externaltools.gnu-tools-for-stm32.7-2018-q2-update.linux64_1.4.0.202007081208/tools/bin/../lib/gcc/arm-none-eabi/7.3.1/../../../../arm-none-eabi/lib/thumb/v7e-m/fpv4-sp/hard/libc_nano.a
LOAD /home/imtiaz/st/stm32cubeide_1.4.0_2/plugins/com.st.stm32cube.ide.mcu.externaltools.gnu-tools-for-stm32.7-2018-q2-update.linux64_1.4.0.202007081208/tools/bin/../lib/gcc/arm-none-eabi/7.3.1/../../../../arm-none-eabi/lib/thumb/v7e-m/fpv4-sp/hard/librdimon_nano.a
LOAD /home/imtiaz/st/stm32cubeide_1.4.0_2/plugins/com.st.stm32cube.ide.mcu.externaltools.gnu-tools-for-stm32.7-2018-q2-update.linux64_1.4.0.202007081208/tools/bin/../lib/gcc/arm-none-eabi/7.3.1/../../../../arm-none-eabi/lib/thumb/v7e-m/fpv4-sp/hard/libnosys.a
END GROUP
LOAD /home/imtiaz/st/stm32cubeide_1.4.0_2/plugins/com.st.stm32cube.ide.mcu.externaltools.gnu-tools-for-stm32.7-2018-q2-update.linux64_1.4.0.202007081208/tools/bin/../lib/gcc/arm-none-eabi/7.3.1/thumb/v7e-m/fpv4-sp/hard/crtend.o
LOAD /home/imtiaz/st/stm32cubeide_1.4.0_2/plugins/com.st.stm32cube.ide.mcu.externaltools.gnu-tools-for-stm32.7-2018-q2-update.linux64_1.4.0.202007081208/tools/bin/../lib/gcc/arm-none-eabi/7.3.1/thumb/v7e-m/fpv4-sp/hard/crtn.o
                0x0000000020020000                _estack = (ORIGIN (RAM) + LENGTH (RAM))
                0x0000000000000200                _Min_Heap_Size = 0x200
                0x0000000000000400                _Min_Stack_Size = 0x400

.isr_vector     0x0000000008000000      0x198
                0x0000000008000000                . = ALIGN (0x4)
 *(.isr_vector)
 .isr_vector    0x0000000008000000      0x198 Startup/startup_stm32f411retx.o
                0x0000000008000000                g_pfnVectors
                0x0000000008000198                . = ALIGN (0x4)

.text           0x0000000008000198      0xbc0
                0x0000000008000198                . = ALIGN (0x4)
 *(.text)
 .text          0x0000000008000198       0x40 /home/imtiaz/st/stm32cubeide_1.4.0_2/plugins/com.st.stm32cube.ide.mcu.externaltools.gnu-tools-for-stm32.7-2018-q2-update.linux64_1.4.0.202007081208/tools/bin/../lib/gcc/arm-none-eabi/7.3.1/thumb/v7e-m/fpv4-sp/hard/crtbegin.o
 .text          0x00000000080001d8       0x10 /home/imtiaz/st/stm32cubeide_1.4.0_2/plugins/com.st.stm32cube.ide.mcu.externaltools.gnu-tools-for-stm32.7-2018-q2-update.linux64_1.4.0.202007081208/tools/bin/../lib/gcc/arm-none-eabi/7.3.1/../../../../arm-none-eabi/lib/thumb/v7e-m/fpv4-sp/hard/libc_nano.a(lib_a-strlen.o)
                0x00000000080001d8                strlen
 *(.text*)
 .text.delay    0x00000000080001e8       0x34 Drivers/Src/stm32f4xx.o
                0x00000000080001e8                delay
 .text.GPIO_PCLKControl
                0x000000000800021c      0x140 Drivers/Src/stm32f4xx_GPIO_Driver.o
                0x000000000800021c                GPIO_PCLKControl
 .text.GPIO_Init
                0x000000000800035c      0x344 Drivers/Src/stm32f4xx_GPIO_Driver.o
                0x000000000800035c                GPIO_Init
 .text.GPIO_ReadFromInputPin
                0x00000000080006a0       0x2c Drivers/Src/stm32f4xx_GPIO_Driver.o
                0x00000000080006a0                GPIO_ReadFromInputPin
 .text.I2C_PeriClockControl
                0x00000000080006cc       0xb0 Drivers/Src/stm32f4xx_I2C_Driver.o
                0x00000000080006cc                I2C_PeriClockControl
 .text.I2C_Init
                0x000000000800077c      0x16c Drivers/Src/stm32f4xx_I2C_Driver.o
                0x000000000800077c                I2C_Init
 .text.I2C_MasterSendData
                0x00000000080008e8       0xae Drivers/Src/stm32f4xx_I2C_Driver.o
                0x00000000080008e8                I2C_MasterSendData
 .text.I2C_PeripheralControl
                0x0000000008000996       0x62 Drivers/Src/stm32f4xx_I2C_Driver.o
                0x0000000008000996                I2C_PeripheralControl
 .text.RCC_GetPCLK1Value
                0x00000000080009f8       0xec Drivers/Src/stm32f4xx_I2C_Driver.o
                0x00000000080009f8                RCC_GetPCLK1Value
 .text.RCC_GetPLLOutputClock
                0x0000000008000ae4       0x18 Drivers/Src/stm32f4xx_I2C_Driver.o
                0x0000000008000ae4                RCC_GetPLLOutputClock
 .text.I2C_GenerateStartCondition
                0x0000000008000afc       0x20 Drivers/Src/stm32f4xx_I2C_Driver.o
                0x0000000008000afc                I2C_GenerateStartCondition
 .text.I2C_GetFlagStatus
                0x0000000008000b1c       0x28 Drivers/Src/stm32f4xx_I2C_Driver.o
                0x0000000008000b1c                I2C_GetFlagStatus
 .text.I2C_ExecuteAddressPhase
                0x0000000008000b44       0x2c Drivers/Src/stm32f4xx_I2C_Driver.o
                0x0000000008000b44                I2C_ExecuteAddressPhase
 .text.I2C_GenerateStopCondition
                0x0000000008000b70       0x20 Drivers/Src/stm32f4xx_I2C_Driver.o
                0x0000000008000b70                I2C_GenerateStopCondition
 .text.main     0x0000000008000b90       0x68 Src/009I2CSlaveRxString.o
                0x0000000008000b90                main
 .text.I2C1_GPIOInits
                0x0000000008000bf8       0x44 Src/009I2CSlaveRxString.o
                0x0000000008000bf8                I2C1_GPIOInits
 .text.GPIO_Button_Init
                0x0000000008000c3c       0x30 Src/009I2CSlaveRxString.o
                0x0000000008000c3c                GPIO_Button_Init
 .text.I2C1_Inits
                0x0000000008000c6c       0x38 Src/009I2CSlaveRxString.o
                0x0000000008000c6c                I2C1_Inits
 .text.Reset_Handler
                0x0000000008000ca4       0x50 Startup/startup_stm32f411retx.o
                0x0000000008000ca4                Reset_Handler
 .text.Default_Handler
                0x0000000008000cf4        0x2 Startup/startup_stm32f411retx.o
                0x0000000008000cf4                RTC_Alarm_IRQHandler
                0x0000000008000cf4                EXTI2_IRQHandler
                0x0000000008000cf4                DebugMon_Handler
                0x0000000008000cf4                SPI4_IRQHandler
                0x0000000008000cf4                TIM1_CC_IRQHandler
                0x0000000008000cf4                DMA2_Stream5_IRQHandler
                0x0000000008000cf4                HardFault_Handler
                0x0000000008000cf4                DMA1_Stream5_IRQHandler
                0x0000000008000cf4                SysTick_Handler
                0x0000000008000cf4                PVD_IRQHandler
                0x0000000008000cf4                SDIO_IRQHandler
                0x0000000008000cf4                TAMP_STAMP_IRQHandler
                0x0000000008000cf4                PendSV_Handler
                0x0000000008000cf4                NMI_Handler
                0x0000000008000cf4                EXTI3_IRQHandler
                0x0000000008000cf4                TIM1_UP_TIM10_IRQHandler
                0x0000000008000cf4                I2C3_ER_IRQHandler
                0x0000000008000cf4                EXTI0_IRQHandler
                0x0000000008000cf4                I2C2_EV_IRQHandler
                0x0000000008000cf4                DMA1_Stream2_IRQHandler
                0x0000000008000cf4                FPU_IRQHandler
                0x0000000008000cf4                UsageFault_Handler
                0x0000000008000cf4                DMA2_Stream2_IRQHandler
                0x0000000008000cf4                SPI1_IRQHandler
                0x0000000008000cf4                TIM1_BRK_TIM9_IRQHandler
                0x0000000008000cf4                DMA2_Stream3_IRQHandler
                0x0000000008000cf4                USART6_IRQHandler
                0x0000000008000cf4                DMA2_Stream0_IRQHandler
                0x0000000008000cf4                TIM4_IRQHandler
                0x0000000008000cf4                I2C1_EV_IRQHandler
                0x0000000008000cf4                DMA1_Stream6_IRQHandler
                0x0000000008000cf4                DMA1_Stream1_IRQHandler
                0x0000000008000cf4                TIM3_IRQHandler
                0x0000000008000cf4                RCC_IRQHandler
                0x0000000008000cf4                Default_Handler
                0x0000000008000cf4                EXTI15_10_IRQHandler
                0x0000000008000cf4                ADC_IRQHandler
                0x0000000008000cf4                DMA1_Stream7_IRQHandler
                0x0000000008000cf4                SPI5_IRQHandler
                0x0000000008000cf4                TIM5_IRQHandler
                0x0000000008000cf4                DMA2_Stream7_IRQHandler
                0x0000000008000cf4                I2C3_EV_IRQHandler
                0x0000000008000cf4                EXTI9_5_IRQHandler
                0x0000000008000cf4                RTC_WKUP_IRQHandler
                0x0000000008000cf4                SPI2_IRQHandler
                0x0000000008000cf4                MemManage_Handler
                0x0000000008000cf4                DMA1_Stream0_IRQHandler
                0x0000000008000cf4                SVC_Handler
                0x0000000008000cf4                EXTI4_IRQHandler
                0x0000000008000cf4                WWDG_IRQHandler
                0x0000000008000cf4                TIM2_IRQHandler
                0x0000000008000cf4                OTG_FS_WKUP_IRQHandler
                0x0000000008000cf4                TIM1_TRG_COM_TIM11_IRQHandler
                0x0000000008000cf4                EXTI1_IRQHandler
                0x0000000008000cf4                USART2_IRQHandler
                0x0000000008000cf4                I2C2_ER_IRQHandler
                0x0000000008000cf4                DMA2_Stream1_IRQHandler
                0x0000000008000cf4                FLASH_IRQHandler
                0x0000000008000cf4                DMA2_Stream4_IRQHandler
                0x0000000008000cf4                BusFault_Handler
                0x0000000008000cf4                USART1_IRQHandler
                0x0000000008000cf4                OTG_FS_IRQHandler
                0x0000000008000cf4                SPI3_IRQHandler
                0x0000000008000cf4                DMA1_Stream4_IRQHandler
                0x0000000008000cf4                I2C1_ER_IRQHandler
                0x0000000008000cf4                DMA2_Stream6_IRQHandler
                0x0000000008000cf4                DMA1_Stream3_IRQHandler
 *fill*         0x0000000008000cf6        0x2 
 .text.__libc_init_array
                0x0000000008000cf8       0x48 /home/imtiaz/st/stm32cubeide_1.4.0_2/plugins/com.st.stm32cube.ide.mcu.externaltools.gnu-tools-for-stm32.7-2018-q2-update.linux64_1.4.0.202007081208/tools/bin/../lib/gcc/arm-none-eabi/7.3.1/../../../../arm-none-eabi/lib/thumb/v7e-m/fpv4-sp/hard/libc_nano.a(lib_a-init.o)
                0x0000000008000cf8                __libc_init_array
 *(.glue_7)
 .glue_7        0x0000000008000d40        0x0 linker stubs
 *(.glue_7t)
 .glue_7t       0x0000000008000d40        0x0 linker stubs
 *(.eh_frame)
 .eh_frame      0x0000000008000d40        0x0 /home/imtiaz/st/stm32cubeide_1.4.0_2/plugins/com.st.stm32cube.ide.mcu.externaltools.gnu-tools-for-stm32.7-2018-q2-update.linux64_1.4.0.202007081208/tools/bin/../lib/gcc/arm-none-eabi/7.3.1/thumb/v7e-m/fpv4-sp/hard/crtbegin.o
 *(.init)
 .init          0x0000000008000d40        0x4 /home/imtiaz/st/stm32cubeide_1.4.0_2/plugins/com.st.stm32cube.ide.mcu.externaltools.gnu-tools-for-stm32.7-2018-q2-update.linux64_1.4.0.202007081208/tools/bin/../lib/gcc/arm-none-eabi/7.3.1/thumb/v7e-m/fpv4-sp/hard/crti.o
                0x0000000008000d40                _init
 .init          0x0000000008000d44        0x8 /home/imtiaz/st/stm32cubeide_1.4.0_2/plugins/com.st.stm32cube.ide.mcu.externaltools.gnu-tools-for-stm32.7-2018-q2-update.linux64_1.4.0.202007081208/tools/bin/../lib/gcc/arm-none-eabi/7.3.1/thumb/v7e-m/fpv4-sp/hard/crtn.o
 *(.fini)
 .fini          0x0000000008000d4c        0x4 /home/imtiaz/st/stm32cubeide_1.4.0_2/plugins/com.st.stm32cube.ide.mcu.externaltools.gnu-tools-for-stm32.7-2018-q2-update.linux64_1.4.0.202007081208/tools/bin/../lib/gcc/arm-none-eabi/7.3.1/thumb/v7e-m/fpv4-sp/hard/crti.o
                0x0000000008000d4c                _fini
 .fini          0x0000000008000d50        0x8 /home/imtiaz/st/stm32cubeide_1.4.0_2/plugins/com.st.stm32cube.ide.mcu.externaltools.gnu-tools-for-stm32.7-2018-q2-update.linux64_1.4.0.202007081208/tools/bin/../lib/gcc/arm-none-eabi/7.3.1/thumb/v7e-m/fpv4-sp/hard/crtn.o
                0x0000000008000d58                . = ALIGN (0x4)
                0x0000000008000d58                _etext = .

.vfp11_veneer   0x0000000008000d58        0x0
 .vfp11_veneer  0x0000000008000d58        0x0 linker stubs

.v4_bx          0x0000000008000d58        0x0
 .v4_bx         0x0000000008000d58        0x0 linker stubs

.iplt           0x0000000008000d58        0x0
 .iplt          0x0000000008000d58        0x0 /home/imtiaz/st/stm32cubeide_1.4.0_2/plugins/com.st.stm32cube.ide.mcu.externaltools.gnu-tools-for-stm32.7-2018-q2-update.linux64_1.4.0.202007081208/tools/bin/../lib/gcc/arm-none-eabi/7.3.1/thumb/v7e-m/fpv4-sp/hard/crtbegin.o

.rodata         0x0000000008000d58       0x3c
                0x0000000008000d58                . = ALIGN (0x4)
 *(.rodata)
 .rodata        0x0000000008000d58       0x18 Drivers/Src/stm32f4xx_I2C_Driver.o
 .rodata        0x0000000008000d70       0x24 Src/009I2CSlaveRxString.o
 *(.rodata*)
                0x0000000008000d94                . = ALIGN (0x4)

.rel.dyn        0x0000000008000d94        0x0
 .rel.iplt      0x0000000008000d94        0x0 /home/imtiaz/st/stm32cubeide_1.4.0_2/plugins/com.st.stm32cube.ide.mcu.externaltools.gnu-tools-for-stm32.7-2018-q2-update.linux64_1.4.0.202007081208/tools/bin/../lib/gcc/arm-none-eabi/7.3.1/thumb/v7e-m/fpv4-sp/hard/crtbegin.o

.ARM.extab      0x0000000008000d94        0x0
                0x0000000008000d94                . = ALIGN (0x4)
 *(.ARM.extab* .gnu.linkonce.armextab.*)
                0x0000000008000d94                . = ALIGN (0x4)

.ARM            0x0000000008000d94        0x0
                0x0000000008000d94                . = ALIGN (0x4)
                0x0000000008000d94                __exidx_start = .
 *(.ARM.exidx*)
                0x0000000008000d94                __exidx_end = .
                0x0000000008000d94                . = ALIGN (0x4)

.preinit_array  0x0000000008000d94        0x0
                0x0000000008000d94                . = ALIGN (0x4)
                0x0000000008000d94                PROVIDE (__preinit_array_start = .)
 *(.preinit_array*)
                0x0000000008000d94                PROVIDE (__preinit_array_end = .)
                0x0000000008000d94                . = ALIGN (0x4)

.init_array     0x0000000008000d94        0x4
                0x0000000008000d94                . = ALIGN (0x4)
                0x0000000008000d94                PROVIDE (__init_array_start = .)
 *(SORT_BY_NAME(.init_array.*))
 *(.init_array*)
 .init_array    0x0000000008000d94        0x4 /home/imtiaz/st/stm32cubeide_1.4.0_2/plugins/com.st.stm32cube.ide.mcu.externaltools.gnu-tools-for-stm32.7-2018-q2-update.linux64_1.4.0.202007081208/tools/bin/../lib/gcc/arm-none-eabi/7.3.1/thumb/v7e-m/fpv4-sp/hard/crtbegin.o
                0x0000000008000d98                PROVIDE (__init_array_end = .)
                0x0000000008000d98                . = ALIGN (0x4)

.fini_array     0x0000000008000d98        0x4
                0x0000000008000d98                . = ALIGN (0x4)
                [!provide]                        PROVIDE (__fini_array_start = .)
 *(SORT_BY_NAME(.fini_array.*))
 *(.fini_array*)
 .fini_array    0x0000000008000d98        0x4 /home/imtiaz/st/stm32cubeide_1.4.0_2/plugins/com.st.stm32cube.ide.mcu.externaltools.gnu-tools-for-stm32.7-2018-q2-update.linux64_1.4.0.202007081208/tools/bin/../lib/gcc/arm-none-eabi/7.3.1/thumb/v7e-m/fpv4-sp/hard/crtbegin.o
                [!provide]                        PROVIDE (__fini_array_end = .)
                0x0000000008000d9c                . = ALIGN (0x4)
                0x0000000008000d9c                _sidata = LOADADDR (.data)

.data           0x0000000020000000        0x0 load address 0x0000000008000d9c
                0x0000000020000000                . = ALIGN (0x4)
                0x0000000020000000                _sdata = .
 *(.data)
 *(.data*)
                0x0000000020000000                . = ALIGN (0x4)
                0x0000000020000000                _edata = .

.igot.plt       0x0000000020000000        0x0 load address 0x0000000008000d9c
 .igot.plt      0x0000000020000000        0x0 /home/imtiaz/st/stm32cubeide_1.4.0_2/plugins/com.st.stm32cube.ide.mcu.externaltools.gnu-tools-for-stm32.7-2018-q2-update.linux64_1.4.0.202007081208/tools/bin/../lib/gcc/arm-none-eabi/7.3.1/thumb/v7e-m/fpv4-sp/hard/crtbegin.o
                0x0000000020000000                . = ALIGN (0x4)

.bss            0x0000000020000000       0x28 load address 0x0000000008000d9c
                0x0000000020000000                _sbss = .
                0x0000000020000000                __bss_start__ = _sbss
 *(.bss)
 .bss           0x0000000020000000       0x1c /home/imtiaz/st/stm32cubeide_1.4.0_2/plugins/com.st.stm32cube.ide.mcu.externaltools.gnu-tools-for-stm32.7-2018-q2-update.linux64_1.4.0.202007081208/tools/bin/../lib/gcc/arm-none-eabi/7.3.1/thumb/v7e-m/fpv4-sp/hard/crtbegin.o
 *(.bss*)
 *(COMMON)
 COMMON         0x000000002000001c        0xc Src/009I2CSlaveRxString.o
                0x000000002000001c                I2CHandle
                0x0000000020000028                . = ALIGN (0x4)
                0x0000000020000028                _ebss = .
                0x0000000020000028                __bss_end__ = _ebss

._user_heap_stack
                0x0000000020000028      0x600 load address 0x0000000008000d9c
                0x0000000020000028                . = ALIGN (0x8)
                0x0000000020000028                PROVIDE (end = .)
                [!provide]                        PROVIDE (_end = .)
                0x0000000020000228                . = (. + _Min_Heap_Size)
 *fill*         0x0000000020000028      0x200 
                0x0000000020000628                . = (. + _Min_Stack_Size)
 *fill*         0x0000000020000228      0x400 
                0x0000000020000628                . = ALIGN (0x8)

/DISCARD/
 libc.a(*)
 libm.a(*)
 libgcc.a(*)

.ARM.attributes
                0x0000000000000000       0x30
 *(.ARM.attributes)
 .ARM.attributes
                0x0000000000000000       0x22 /home/imtiaz/st/stm32cubeide_1.4.0_2/plugins/com.st.stm32cube.ide.mcu.externaltools.gnu-tools-for-stm32.7-2018-q2-update.linux64_1.4.0.202007081208/tools/bin/../lib/gcc/arm-none-eabi/7.3.1/thumb/v7e-m/fpv4-sp/hard/crti.o
 .ARM.attributes
                0x0000000000000022       0x34 /home/imtiaz/st/stm32cubeide_1.4.0_2/plugins/com.st.stm32cube.ide.mcu.externaltools.gnu-tools-for-stm32.7-2018-q2-update.linux64_1.4.0.202007081208/tools/bin/../lib/gcc/arm-none-eabi/7.3.1/thumb/v7e-m/fpv4-sp/hard/crtbegin.o
 .ARM.attributes
                0x0000000000000056       0x39 Drivers/Src/stm32f4xx.o
 .ARM.attributes
                0x000000000000008f       0x39 Drivers/Src/stm32f4xx_GPIO_Driver.o
 .ARM.attributes
                0x00000000000000c8       0x39 Drivers/Src/stm32f4xx_I2C_Driver.o
 .ARM.attributes
                0x0000000000000101       0x39 Src/009I2CSlaveRxString.o
 .ARM.attributes
                0x000000000000013a       0x21 Startup/startup_stm32f411retx.o
 .ARM.attributes
                0x000000000000015b       0x34 /home/imtiaz/st/stm32cubeide_1.4.0_2/plugins/com.st.stm32cube.ide.mcu.externaltools.gnu-tools-for-stm32.7-2018-q2-update.linux64_1.4.0.202007081208/tools/bin/../lib/gcc/arm-none-eabi/7.3.1/../../../../arm-none-eabi/lib/thumb/v7e-m/fpv4-sp/hard/libc_nano.a(lib_a-init.o)
 .ARM.attributes
                0x000000000000018f       0x1b /home/imtiaz/st/stm32cubeide_1.4.0_2/plugins/com.st.stm32cube.ide.mcu.externaltools.gnu-tools-for-stm32.7-2018-q2-update.linux64_1.4.0.202007081208/tools/bin/../lib/gcc/arm-none-eabi/7.3.1/../../../../arm-none-eabi/lib/thumb/v7e-m/fpv4-sp/hard/libc_nano.a(lib_a-strlen.o)
 .ARM.attributes
                0x00000000000001aa       0x22 /home/imtiaz/st/stm32cubeide_1.4.0_2/plugins/com.st.stm32cube.ide.mcu.externaltools.gnu-tools-for-stm32.7-2018-q2-update.linux64_1.4.0.202007081208/tools/bin/../lib/gcc/arm-none-eabi/7.3.1/thumb/v7e-m/fpv4-sp/hard/crtn.o
OUTPUT(STM32F4xx_Drivers.elf elf32-littlearm)

.debug_info     0x0000000000000000     0x330f
 .debug_info    0x0000000000000000      0x8d5 Drivers/Src/stm32f4xx.o
 .debug_info    0x00000000000008d5      0xf4a Drivers/Src/stm32f4xx_GPIO_Driver.o
 .debug_info    0x000000000000181f      0xf52 Drivers/Src/stm32f4xx_I2C_Driver.o
 .debug_info    0x0000000000002771      0xb7c Src/009I2CSlaveRxString.o
 .debug_info    0x00000000000032ed       0x22 Startup/startup_stm32f411retx.o

.debug_abbrev   0x0000000000000000      0x7eb
 .debug_abbrev  0x0000000000000000      0x18a Drivers/Src/stm32f4xx.o
 .debug_abbrev  0x000000000000018a      0x240 Drivers/Src/stm32f4xx_GPIO_Driver.o
 .debug_abbrev  0x00000000000003ca      0x248 Drivers/Src/stm32f4xx_I2C_Driver.o
 .debug_abbrev  0x0000000000000612      0x1c7 Src/009I2CSlaveRxString.o
 .debug_abbrev  0x00000000000007d9       0x12 Startup/startup_stm32f411retx.o

.debug_aranges  0x0000000000000000      0x178
 .debug_aranges
                0x0000000000000000       0x20 Drivers/Src/stm32f4xx.o
 .debug_aranges
                0x0000000000000020       0x70 Drivers/Src/stm32f4xx_GPIO_Driver.o
 .debug_aranges
                0x0000000000000090       0x88 Drivers/Src/stm32f4xx_I2C_Driver.o
 .debug_aranges
                0x0000000000000118       0x38 Src/009I2CSlaveRxString.o
 .debug_aranges
                0x0000000000000150       0x28 Startup/startup_stm32f411retx.o

.debug_ranges   0x0000000000000000      0x130
 .debug_ranges  0x0000000000000000       0x10 Drivers/Src/stm32f4xx.o
 .debug_ranges  0x0000000000000010       0x60 Drivers/Src/stm32f4xx_GPIO_Driver.o
 .debug_ranges  0x0000000000000070       0x78 Drivers/Src/stm32f4xx_I2C_Driver.o
 .debug_ranges  0x00000000000000e8       0x28 Src/009I2CSlaveRxString.o
 .debug_ranges  0x0000000000000110       0x20 Startup/startup_stm32f411retx.o

.debug_macro    0x0000000000000000     0x30dc
 .debug_macro   0x0000000000000000      0x213 Drivers/Src/stm32f4xx.o
 .debug_macro   0x0000000000000213      0xa66 Drivers/Src/stm32f4xx.o
 .debug_macro   0x0000000000000c79       0x22 Drivers/Src/stm32f4xx.o
 .debug_macro   0x0000000000000c9b       0x8e Drivers/Src/stm32f4xx.o
 .debug_macro   0x0000000000000d29       0x51 Drivers/Src/stm32f4xx.o
 .debug_macro   0x0000000000000d7a       0xef Drivers/Src/stm32f4xx.o
 .debug_macro   0x0000000000000e69       0x6a Drivers/Src/stm32f4xx.o
 .debug_macro   0x0000000000000ed3      0x1df Drivers/Src/stm32f4xx.o
 .debug_macro   0x00000000000010b2      0x174 Drivers/Src/stm32f4xx.o
 .debug_macro   0x0000000000001226       0x46 Drivers/Src/stm32f4xx.o
 .debug_macro   0x000000000000126c       0x18 Drivers/Src/stm32f4xx.o
 .debug_macro   0x0000000000001284       0x3c Drivers/Src/stm32f4xx.o
 .debug_macro   0x00000000000012c0       0x34 Drivers/Src/stm32f4xx.o
 .debug_macro   0x00000000000012f4       0x16 Drivers/Src/stm32f4xx.o
 .debug_macro   0x000000000000130a       0x35 Drivers/Src/stm32f4xx.o
 .debug_macro   0x000000000000133f      0x330 Drivers/Src/stm32f4xx.o
 .debug_macro   0x000000000000166f       0x10 Drivers/Src/stm32f4xx.o
 .debug_macro   0x000000000000167f       0x52 Drivers/Src/stm32f4xx.o
 .debug_macro   0x00000000000016d1       0x1f Drivers/Src/stm32f4xx.o
 .debug_macro   0x00000000000016f0       0x43 Drivers/Src/stm32f4xx.o
 .debug_macro   0x0000000000001733       0x20 Drivers/Src/stm32f4xx.o
 .debug_macro   0x0000000000001753      0x1a3 Drivers/Src/stm32f4xx.o
 .debug_macro   0x00000000000018f6       0x10 Drivers/Src/stm32f4xx.o
 .debug_macro   0x0000000000001906       0x1c Drivers/Src/stm32f4xx.o
 .debug_macro   0x0000000000001922       0x52 Drivers/Src/stm32f4xx.o
 .debug_macro   0x0000000000001974       0x40 Drivers/Src/stm32f4xx.o
 .debug_macro   0x00000000000019b4       0x10 Drivers/Src/stm32f4xx.o
 .debug_macro   0x00000000000019c4       0x40 Drivers/Src/stm32f4xx.o
 .debug_macro   0x0000000000001a04       0xd7 Drivers/Src/stm32f4xx.o
 .debug_macro   0x0000000000001adb       0x1c Drivers/Src/stm32f4xx.o
 .debug_macro   0x0000000000001af7       0x3d Drivers/Src/stm32f4xx.o
 .debug_macro   0x0000000000001b34       0x16 Drivers/Src/stm32f4xx.o
 .debug_macro   0x0000000000001b4a      0x145 Drivers/Src/stm32f4xx.o
 .debug_macro   0x0000000000001c8f      0x63f Drivers/Src/stm32f4xx.o
 .debug_macro   0x00000000000022ce      0x124 Drivers/Src/stm32f4xx.o
 .debug_macro   0x00000000000023f2      0x1e0 Drivers/Src/stm32f4xx.o
 .debug_macro   0x00000000000025d2      0x18a Drivers/Src/stm32f4xx.o
 .debug_macro   0x000000000000275c      0x20f Drivers/Src/stm32f4xx_GPIO_Driver.o
 .debug_macro   0x000000000000296b      0x20f Drivers/Src/stm32f4xx_I2C_Driver.o
 .debug_macro   0x0000000000002b7a      0x26d Src/009I2CSlaveRxString.o
 .debug_macro   0x0000000000002de7       0x40 Src/009I2CSlaveRxString.o
 .debug_macro   0x0000000000002e27       0x94 Src/009I2CSlaveRxString.o
 .debug_macro   0x0000000000002ebb       0x57 Src/009I2CSlaveRxString.o
 .debug_macro   0x0000000000002f12       0x97 Src/009I2CSlaveRxString.o
 .debug_macro   0x0000000000002fa9       0xfd Src/009I2CSlaveRxString.o
 .debug_macro   0x00000000000030a6       0x16 Src/009I2CSlaveRxString.o
 .debug_macro   0x00000000000030bc       0x20 Src/009I2CSlaveRxString.o

.debug_line     0x0000000000000000     0x1de3
 .debug_line    0x0000000000000000      0x61f Drivers/Src/stm32f4xx.o
 .debug_line    0x000000000000061f      0x88f Drivers/Src/stm32f4xx_GPIO_Driver.o
 .debug_line    0x0000000000000eae      0x81b Drivers/Src/stm32f4xx_I2C_Driver.o
 .debug_line    0x00000000000016c9      0x696 Src/009I2CSlaveRxString.o
 .debug_line    0x0000000000001d5f       0x84 Startup/startup_stm32f411retx.o

.debug_str      0x0000000000000000     0xbc32
 .debug_str     0x0000000000000000     0xb484 Drivers/Src/stm32f4xx.o
                                       0xb6dc (size before relaxing)
 .debug_str     0x000000000000b484      0x390 Drivers/Src/stm32f4xx_GPIO_Driver.o
                                       0xba71 (size before relaxing)
 .debug_str     0x000000000000b814      0x290 Drivers/Src/stm32f4xx_I2C_Driver.o
                                       0xbad0 (size before relaxing)
 .debug_str     0x000000000000baa4      0x15d Src/009I2CSlaveRxString.o
                                       0xb98c (size before relaxing)
 .debug_str     0x000000000000bc01       0x31 Startup/startup_stm32f411retx.o
                                         0x6f (size before relaxing)

.comment        0x0000000000000000       0x7b
 .comment       0x0000000000000000       0x7b Drivers/Src/stm32f4xx.o
                                         0x7c (size before relaxing)
 .comment       0x000000000000007b       0x7c Drivers/Src/stm32f4xx_GPIO_Driver.o
 .comment       0x000000000000007b       0x7c Drivers/Src/stm32f4xx_I2C_Driver.o
 .comment       0x000000000000007b       0x7c Src/009I2CSlaveRxString.o

.debug_frame    0x0000000000000000      0x4fc
 .debug_frame   0x0000000000000000       0x38 Drivers/Src/stm32f4xx.o
 .debug_frame   0x0000000000000038      0x1c8 Drivers/Src/stm32f4xx_GPIO_Driver.o
 .debug_frame   0x0000000000000200      0x238 Drivers/Src/stm32f4xx_I2C_Driver.o
 .debug_frame   0x0000000000000438       0x98 Src/009I2CSlaveRxString.o
 .debug_frame   0x00000000000004d0       0x2c /home/imtiaz/st/stm32cubeide_1.4.0_2/plugins/com.st.stm32cube.ide.mcu.externaltools.gnu-tools-for-stm32.7-2018-q2-update.linux64_1.4.0.202007081208/tools/bin/../lib/gcc/arm-none-eabi/7.3.1/../../../../arm-none-eabi/lib/thumb/v7e-m/fpv4-sp/hard/libc_nano.a(lib_a-init.o)
