stm32f4xx_SPI_Driver.c:28:6:SPI_PeriClockControl	16	static
stm32f4xx_SPI_Driver.c:61:6:SPI_Init	24	static
stm32f4xx_SPI_Driver.c:126:6:SPI_DeInit	16	static
stm32f4xx_SPI_Driver.c:138:6:SPI_SendData	24	static
stm32f4xx_SPI_Driver.c:168:6:SPI_ReceiveData	24	static
stm32f4xx_SPI_Driver.c:188:9:SPI_SendDataIT	32	static
stm32f4xx_SPI_Driver.c:213:9:SPI_ReceiveDataIT	32	static
stm32f4xx_SPI_Driver.c:254:6:SPI_IRQInterruptConfig	24	static
stm32f4xx_SPI_Driver.c:287:6:SPI_IRQPriorityConfig	24	static
stm32f4xx_SPI_Driver.c:296:6:SPI_IRQHandling	24	static
stm32f4xx_SPI_Driver.c:342:9:SPI_GetFlagStatus	16	static
stm32f4xx_SPI_Driver.c:351:6:SPI_PeripheralControl	16	static
stm32f4xx_SPI_Driver.c:360:6:SPI_ConfigureSSOE	16	static
stm32f4xx_SPI_Driver.c:369:6:SPI_TXEInterruptHandle	16	static
stm32f4xx_SPI_Driver.c:392:6:SPI_RXNEInterruptHandle	16	static
stm32f4xx_SPI_Driver.c:412:6:SPI_OVRInterruptHandle	16	static
stm32f4xx_SPI_Driver.c:423:15:SPI_ApplicationEventCallBack	16	static
stm32f4xx_SPI_Driver.c:428:6:SPI_ClearOVRFlag	24	static
stm32f4xx_SPI_Driver.c:436:6:SPI_CloseTransmission	16	static
stm32f4xx_SPI_Driver.c:444:6:SPI_CloseReception	16	static
